  Determining projects to restore...
  All projects are up-to-date for restore.
  FakeXrmEasy -> D:\repos\fake-xrm-easy\FakeXrmEasy\bin\Release\FakeXrmEasy.dll
  FakeXrmEasy.Tests -> D:\repos\fake-xrm-easy\FakeXrmEasy.Tests\bin\Release\FakeXrmEasy.Tests.dll

Build succeeded.
    0 Warning(s)
    0 Error(s)

Time Elapsed 00:00:00.88
